[36mvite v7.3.0 [32mbuilding client environment for production...[36m[39m
transforming...
[32m鉁?[39m 3075 modules transformed.
